start 2024-02-09T22:00:00+01:00
stop 2024-02-10T01:00:00+01:00

start 2024-02-15T08:00:00+01:00
stop 2024-02-15T09:00:00+01:00

start 2024-02-16T08:00:00+01:00
stop 2024-02-16T09:00:00+01:00

start 2024-02-16T10:29:53+01:00
stop 2024-02-16T11:29:53+01:00

start 2024-02-16T12:12:47+01:00
stop 2024-02-16T14:20:20+01:00

start 2024-02-16T15:23:46+01:00
stop 2024-02-16T15:36:20+01:00

start 2024-02-16T15:48:55+01:00
stop 2024-02-16T17:37:30+01:00

start 2024-02-16T18:50:20+01:00
stop 2024-02-16T19:43:29+01:00
